// Jest Snapshot v1, https://goo.gl/fbAQLP

exports[`<App/> (Snapshot Test) renders right 1`] = `
Array [
  <header>
    <h2>
      Our Basic App
    </h2>
    <ul>
      <li>
        <a
          href="/"
          onClick={[Function]}
        >
          Home
        </a>
      </li>
      <li>
        <a
          href="/dashboard"
          onClick={[Function]}
        >
          Dashboard
        </a>
      </li>
    </ul>
  </header>,
  <main />,
  <footer>
    <h3>
      What a pretty color!
    </h3>
  </footer>,
]
`;
